Archive member included to satisfy reference by file (symbol)

.\CortexM3\ARM_GCC_541\Debug\HostDesign.a(CyLib.o)
                              .\CortexM3\ARM_GCC_541\Debug\Cm3Start.o (CyHalt)
.\CortexM3\ARM_GCC_541\Debug\HostDesign.a(cyPm.o)
                              .\CortexM3\ARM_GCC_541\Debug\HostDesign.a(CyLib.o) (CyPmReadStatus)
.\CortexM3\ARM_GCC_541\Debug\HostDesign.a(LCD.o)
                              .\CortexM3\ARM_GCC_541\Debug\main.o (LCD_WriteControl)
.\CortexM3\ARM_GCC_541\Debug\HostDesign.a(SW2.o)
                              .\CortexM3\ARM_GCC_541\Debug\main.o (SW2_Read)
.\CortexM3\ARM_GCC_541\Debug\HostDesign.a(H2G_STRB_IN.o)
                              .\CortexM3\ARM_GCC_541\Debug\main.o (H2G_STRB_IN_Read)
.\CortexM3\ARM_GCC_541\Debug\HostDesign.a(H2G_STRB_OUT.o)
                              .\CortexM3\ARM_GCC_541\Debug\main.o (H2G_STRB_OUT_Write)
.\CortexM3\ARM_GCC_541\Debug\HostDesign.a(OUT_BYTE.o)
                              .\CortexM3\ARM_GCC_541\Debug\main.o (OUT_BYTE_Write)
.\CortexM3\ARM_GCC_541\Debug\HostDesign.a(PSOC_RESET_RAW.o)
                              .\CortexM3\ARM_GCC_541\Debug\main.o (PSOC_RESET_RAW_Write)
.\CortexM3\ARM_GCC_541\Debug\HostDesign.a(CyBootAsmGnu.o)
                              .\CortexM3\ARM_GCC_541\Debug\cyfitter_cfg.o (CyDelayCycles)
.\CortexM3\ARM_GCC_541\Debug\HostDesign.a(CyFlash.o)
                              .\CortexM3\ARM_GCC_541\Debug\HostDesign.a(cyPm.o) (CyFlash_SetWaitCycles)
.\CortexM3\ARM_GCC_541\Debug\HostDesign.a(CySpc.o)
                              .\CortexM3\ARM_GCC_541\Debug\HostDesign.a(CyFlash.o) (CySpcStart)
c:/program files (x86)/cypress/psoc creator/4.4/psoc creator/import/gnu/arm/5.4.1/bin/../lib/gcc/arm-none-eabi/5.4.1/../../../../arm-none-eabi/lib/armv7-m\libg_nano.a(lib_a-errno.o)
                              .\CortexM3\ARM_GCC_541\Debug\Cm3Start.o (__errno)
c:/program files (x86)/cypress/psoc creator/4.4/psoc creator/import/gnu/arm/5.4.1/bin/../lib/gcc/arm-none-eabi/5.4.1/../../../../arm-none-eabi/lib/armv7-m\libg_nano.a(lib_a-exit.o)
                              c:/program files (x86)/cypress/psoc creator/4.4/psoc creator/import/gnu/arm/5.4.1/bin/../lib/gcc/arm-none-eabi/5.4.1/../../../../arm-none-eabi/lib/armv7-m/crt0.o (exit)
c:/program files (x86)/cypress/psoc creator/4.4/psoc creator/import/gnu/arm/5.4.1/bin/../lib/gcc/arm-none-eabi/5.4.1/../../../../arm-none-eabi/lib/armv7-m\libg_nano.a(lib_a-impure.o)
                              c:/program files (x86)/cypress/psoc creator/4.4/psoc creator/import/gnu/arm/5.4.1/bin/../lib/gcc/arm-none-eabi/5.4.1/../../../../arm-none-eabi/lib/armv7-m\libg_nano.a(lib_a-exit.o) (_global_impure_ptr)
c:/program files (x86)/cypress/psoc creator/4.4/psoc creator/import/gnu/arm/5.4.1/bin/../lib/gcc/arm-none-eabi/5.4.1/../../../../arm-none-eabi/lib/armv7-m\libg_nano.a(lib_a-init.o)
                              c:/program files (x86)/cypress/psoc creator/4.4/psoc creator/import/gnu/arm/5.4.1/bin/../lib/gcc/arm-none-eabi/5.4.1/../../../../arm-none-eabi/lib/armv7-m/crt0.o (__libc_init_array)
c:/program files (x86)/cypress/psoc creator/4.4/psoc creator/import/gnu/arm/5.4.1/bin/../lib/gcc/arm-none-eabi/5.4.1/../../../../arm-none-eabi/lib/armv7-m\libg_nano.a(lib_a-memset.o)
                              c:/program files (x86)/cypress/psoc creator/4.4/psoc creator/import/gnu/arm/5.4.1/bin/../lib/gcc/arm-none-eabi/5.4.1/../../../../arm-none-eabi/lib/armv7-m/crt0.o (memset)

Allocating common symbols
Common symbol       size              file

psoc_fpga_xfc       0x4               .\CortexM3\ARM_GCC_541\Debug\main.o
b                   0x4               .\CortexM3\ARM_GCC_541\Debug\main.o
y2                  0x4               .\CortexM3\ARM_GCC_541\Debug\main.o
x2                  0x4               .\CortexM3\ARM_GCC_541\Debug\main.o
r                   0x4               .\CortexM3\ARM_GCC_541\Debug\main.o
fpga_psoc_xfc       0x4               .\CortexM3\ARM_GCC_541\Debug\main.o
x1                  0x4               .\CortexM3\ARM_GCC_541\Debug\main.o
dieTemperature      0x2               .\CortexM3\ARM_GCC_541\Debug\HostDesign.a(CyFlash.o)
y1                  0x4               .\CortexM3\ARM_GCC_541\Debug\main.o

Discarded input sections

 .text          0x00000000        0x0 c:/program files (x86)/cypress/psoc creator/4.4/psoc creator/import/gnu/arm/5.4.1/bin/../lib/gcc/arm-none-eabi/5.4.1/armv7-m/crti.o
 .data          0x00000000        0x0 c:/program files (x86)/cypress/psoc creator/4.4/psoc creator/import/gnu/arm/5.4.1/bin/../lib/gcc/arm-none-eabi/5.4.1/armv7-m/crti.o
 .bss           0x00000000        0x0 c:/program files (x86)/cypress/psoc creator/4.4/psoc creator/import/gnu/arm/5.4.1/bin/../lib/gcc/arm-none-eabi/5.4.1/armv7-m/crti.o
 .data          0x00000000        0x4 c:/program files (x86)/cypress/psoc creator/4.4/psoc creator/import/gnu/arm/5.4.1/bin/../lib/gcc/arm-none-eabi/5.4.1/armv7-m/crtbegin.o
 .text          0x00000000       0x74 c:/program files (x86)/cypress/psoc creator/4.4/psoc creator/import/gnu/arm/5.4.1/bin/../lib/gcc/arm-none-eabi/5.4.1/../../../../arm-none-eabi/lib/armv7-m/crt0.o
 .data          0x00000000        0x0 c:/program files (x86)/cypress/psoc creator/4.4/psoc creator/import/gnu/arm/5.4.1/bin/../lib/gcc/arm-none-eabi/5.4.1/../../../../arm-none-eabi/lib/armv7-m/crt0.o
 .bss           0x00000000        0x0 c:/program files (x86)/cypress/psoc creator/4.4/psoc creator/import/gnu/arm/5.4.1/bin/../lib/gcc/arm-none-eabi/5.4.1/../../../../arm-none-eabi/lib/armv7-m/crt0.o
 .ARM.extab     0x00000000        0x0 c:/program files (x86)/cypress/psoc creator/4.4/psoc creator/import/gnu/arm/5.4.1/bin/../lib/gcc/arm-none-eabi/5.4.1/../../../../arm-none-eabi/lib/armv7-m/crt0.o
 .ARM.exidx     0x00000000        0x8 c:/program files (x86)/cypress/psoc creator/4.4/psoc creator/import/gnu/arm/5.4.1/bin/../lib/gcc/arm-none-eabi/5.4.1/../../../../arm-none-eabi/lib/armv7-m/crt0.o
 .text          0x00000000        0x0 .\CortexM3\ARM_GCC_541\Debug\main.o
 .text.sendByte
                0x00000000        0x4 .\CortexM3\ARM_GCC_541\Debug\main.o
 .text.reg_write
                0x00000000       0x48 .\CortexM3\ARM_GCC_541\Debug\main.o
 .text          0x00000000        0x0 .\CortexM3\ARM_GCC_541\Debug\cyfitter_cfg.o
 .data          0x00000000        0x0 .\CortexM3\ARM_GCC_541\Debug\cyfitter_cfg.o
 .bss           0x00000000        0x0 .\CortexM3\ARM_GCC_541\Debug\cyfitter_cfg.o
 .text.SetAnalogRoutingPumps
                0x00000000       0x10 .\CortexM3\ARM_GCC_541\Debug\cyfitter_cfg.o
 .text          0x00000000        0x0 .\CortexM3\ARM_GCC_541\Debug\cymetadata.o
 .data          0x00000000        0x0 .\CortexM3\ARM_GCC_541\Debug\cymetadata.o
 .bss           0x00000000        0x0 .\CortexM3\ARM_GCC_541\Debug\cymetadata.o
 .text          0x00000000        0x0 .\CortexM3\ARM_GCC_541\Debug\Cm3Start.o
 .data          0x00000000        0x4 .\CortexM3\ARM_GCC_541\Debug\Cm3Start.o
 .bss           0x00000000        0x0 .\CortexM3\ARM_GCC_541\Debug\Cm3Start.o
 .text._exit    0x00000000        0xc .\CortexM3\ARM_GCC_541\Debug\Cm3Start.o
 .text._sbrk    0x00000000       0x30 .\CortexM3\ARM_GCC_541\Debug\Cm3Start.o
 .text          0x00000000        0x0 .\CortexM3\ARM_GCC_541\Debug\HostDesign.a(CyLib.o)
 .bss           0x00000000       0x1c .\CortexM3\ARM_GCC_541\Debug\HostDesign.a(CyLib.o)
 .text.CySysTickServiceCallbacks
                0x00000000       0x28 .\CortexM3\ARM_GCC_541\Debug\HostDesign.a(CyLib.o)
 .text.CyPLL_OUT_Start
                0x00000000       0x78 .\CortexM3\ARM_GCC_541\Debug\HostDesign.a(CyLib.o)
 .text.CyPLL_OUT_Stop
                0x00000000       0x10 .\CortexM3\ARM_GCC_541\Debug\HostDesign.a(CyLib.o)
 .text.CyPLL_OUT_SetPQ
                0x00000000       0x50 .\CortexM3\ARM_GCC_541\Debug\HostDesign.a(CyLib.o)
 .text.CyPLL_OUT_SetSource
                0x00000000       0x28 .\CortexM3\ARM_GCC_541\Debug\HostDesign.a(CyLib.o)
 .text.CyIMO_Start
                0x00000000       0x6c .\CortexM3\ARM_GCC_541\Debug\HostDesign.a(CyLib.o)
 .text.CyIMO_Stop
                0x00000000       0x20 .\CortexM3\ARM_GCC_541\Debug\HostDesign.a(CyLib.o)
 .text.CyIMO_SetFreq
                0x00000000      0x2ac .\CortexM3\ARM_GCC_541\Debug\HostDesign.a(CyLib.o)
 .text.CyIMO_SetSource
                0x00000000       0x50 .\CortexM3\ARM_GCC_541\Debug\HostDesign.a(CyLib.o)
 .text.CyIMO_EnableDoubler
                0x00000000       0x10 .\CortexM3\ARM_GCC_541\Debug\HostDesign.a(CyLib.o)
 .text.CyIMO_DisableDoubler
                0x00000000       0x10 .\CortexM3\ARM_GCC_541\Debug\HostDesign.a(CyLib.o)
 .text.CyMasterClk_SetSource
                0x00000000       0x18 .\CortexM3\ARM_GCC_541\Debug\HostDesign.a(CyLib.o)
 .text.CyMasterClk_SetDivider
                0x00000000        0xc .\CortexM3\ARM_GCC_541\Debug\HostDesign.a(CyLib.o)
 .text.CyBusClk_SetDivider
                0x00000000      0x110 .\CortexM3\ARM_GCC_541\Debug\HostDesign.a(CyLib.o)
 .text.CyUsbClk_SetSource
                0x00000000       0x18 .\CortexM3\ARM_GCC_541\Debug\HostDesign.a(CyLib.o)
 .text.CyILO_Start1K
                0x00000000       0x10 .\CortexM3\ARM_GCC_541\Debug\HostDesign.a(CyLib.o)
 .text.CyILO_Stop1K
                0x00000000       0x10 .\CortexM3\ARM_GCC_541\Debug\HostDesign.a(CyLib.o)
 .text.CyILO_Start100K
                0x00000000       0x10 .\CortexM3\ARM_GCC_541\Debug\HostDesign.a(CyLib.o)
 .text.CyILO_Stop100K
                0x00000000       0x10 .\CortexM3\ARM_GCC_541\Debug\HostDesign.a(CyLib.o)
 .text.CyILO_Enable33K
                0x00000000       0x10 .\CortexM3\ARM_GCC_541\Debug\HostDesign.a(CyLib.o)
 .text.CyILO_Disable33K
                0x00000000       0x10 .\CortexM3\ARM_GCC_541\Debug\HostDesign.a(CyLib.o)
 .text.CyILO_SetSource
                0x00000000       0x18 .\CortexM3\ARM_GCC_541\Debug\HostDesign.a(CyLib.o)
 .text.CyILO_SetPowerMode
                0x00000000       0x24 .\CortexM3\ARM_GCC_541\Debug\HostDesign.a(CyLib.o)
 .text.CyXTAL_32KHZ_Start
                0x00000000       0xb4 .\CortexM3\ARM_GCC_541\Debug\HostDesign.a(CyLib.o)
 .text.CyXTAL_32KHZ_Stop
                0x00000000       0x38 .\CortexM3\ARM_GCC_541\Debug\HostDesign.a(CyLib.o)
 .text.CyXTAL_32KHZ_ReadStatus
                0x00000000       0x10 .\CortexM3\ARM_GCC_541\Debug\HostDesign.a(CyLib.o)
 .text.CyXTAL_32KHZ_SetPowerMode
                0x00000000       0x90 .\CortexM3\ARM_GCC_541\Debug\HostDesign.a(CyLib.o)
 .text.CyXTAL_Start
                0x00000000       0xac .\CortexM3\ARM_GCC_541\Debug\HostDesign.a(CyLib.o)
 .text.CyXTAL_Stop
                0x00000000       0x10 .\CortexM3\ARM_GCC_541\Debug\HostDesign.a(CyLib.o)
 .text.CyXTAL_EnableErrStatus
                0x00000000       0x10 .\CortexM3\ARM_GCC_541\Debug\HostDesign.a(CyLib.o)
 .text.CyXTAL_DisableErrStatus
                0x00000000       0x10 .\CortexM3\ARM_GCC_541\Debug\HostDesign.a(CyLib.o)
 .text.CyXTAL_ReadStatus
                0x00000000        0xc .\CortexM3\ARM_GCC_541\Debug\HostDesign.a(CyLib.o)
 .text.CyXTAL_EnableFaultRecovery
                0x00000000       0x10 .\CortexM3\ARM_GCC_541\Debug\HostDesign.a(CyLib.o)
 .text.CyXTAL_DisableFaultRecovery
                0x00000000       0x10 .\CortexM3\ARM_GCC_541\Debug\HostDesign.a(CyLib.o)
 .text.CyXTAL_SetStartup
                0x00000000       0x18 .\CortexM3\ARM_GCC_541\Debug\HostDesign.a(CyLib.o)
 .text.CyXTAL_SetFbVoltage
                0x00000000       0x18 .\CortexM3\ARM_GCC_541\Debug\HostDesign.a(CyLib.o)
 .text.CyXTAL_SetWdVoltage
                0x00000000       0x18 .\CortexM3\ARM_GCC_541\Debug\HostDesign.a(CyLib.o)
 .text.CyHalt   0x00000000        0x4 .\CortexM3\ARM_GCC_541\Debug\HostDesign.a(CyLib.o)
 .text.CySoftwareReset
                0x00000000       0x10 .\CortexM3\ARM_GCC_541\Debug\HostDesign.a(CyLib.o)
 .text.CyDelayFreq
                0x00000000       0x54 .\CortexM3\ARM_GCC_541\Debug\HostDesign.a(CyLib.o)
 .text.CyWdtStart
                0x00000000       0x40 .\CortexM3\ARM_GCC_541\Debug\HostDesign.a(CyLib.o)
 .text.CyWdtClear
                0x00000000        0xc .\CortexM3\ARM_GCC_541\Debug\HostDesign.a(CyLib.o)
 .text.CyVdLvDigitEnable
                0x00000000       0xb0 .\CortexM3\ARM_GCC_541\Debug\HostDesign.a(CyLib.o)
 .text.CyVdLvAnalogEnable
                0x00000000       0xac .\CortexM3\ARM_GCC_541\Debug\HostDesign.a(CyLib.o)
 .text.CyVdLvDigitDisable
                0x00000000       0x58 .\CortexM3\ARM_GCC_541\Debug\HostDesign.a(CyLib.o)
 .text.CyVdLvAnalogDisable
                0x00000000       0x44 .\CortexM3\ARM_GCC_541\Debug\HostDesign.a(CyLib.o)
 .text.CyVdHvAnalogEnable
                0x00000000       0x78 .\CortexM3\ARM_GCC_541\Debug\HostDesign.a(CyLib.o)
 .text.CyVdHvAnalogDisable
                0x00000000       0x38 .\CortexM3\ARM_GCC_541\Debug\HostDesign.a(CyLib.o)
 .text.CyVdStickyStatus
                0x00000000       0x2c .\CortexM3\ARM_GCC_541\Debug\HostDesign.a(CyLib.o)
 .text.CyVdRealTimeStatus
                0x00000000       0x1c .\CortexM3\ARM_GCC_541\Debug\HostDesign.a(CyLib.o)
 .text.CyDisableInts
                0x00000000       0x1c .\CortexM3\ARM_GCC_541\Debug\HostDesign.a(CyLib.o)
 .text.CyEnableInts
                0x00000000       0x18 .\CortexM3\ARM_GCC_541\Debug\HostDesign.a(CyLib.o)
 .text.CyFlushCache
                0x00000000       0x44 .\CortexM3\ARM_GCC_541\Debug\HostDesign.a(CyLib.o)
 .text.CyIntSetSysVector
                0x00000000       0x1c .\CortexM3\ARM_GCC_541\Debug\HostDesign.a(CyLib.o)
 .text.CyIntGetSysVector
                0x00000000       0x18 .\CortexM3\ARM_GCC_541\Debug\HostDesign.a(CyLib.o)
 .text.CyIntSetVector
                0x00000000       0x20 .\CortexM3\ARM_GCC_541\Debug\HostDesign.a(CyLib.o)
 .text.CyIntGetVector
                0x00000000       0x1c .\CortexM3\ARM_GCC_541\Debug\HostDesign.a(CyLib.o)
 .text.CyIntSetPriority
                0x00000000       0x20 .\CortexM3\ARM_GCC_541\Debug\HostDesign.a(CyLib.o)
 .text.CyIntGetPriority
                0x00000000       0x18 .\CortexM3\ARM_GCC_541\Debug\HostDesign.a(CyLib.o)
 .text.CyIntGetState
                0x00000000       0x1c .\CortexM3\ARM_GCC_541\Debug\HostDesign.a(CyLib.o)
 .text.CySysTickStart
                0x00000000       0x80 .\CortexM3\ARM_GCC_541\Debug\HostDesign.a(CyLib.o)
 .text.CySysTickInit
                0x00000000       0x68 .\CortexM3\ARM_GCC_541\Debug\HostDesign.a(CyLib.o)
 .text.CySysTickEnable
                0x00000000       0x18 .\CortexM3\ARM_GCC_541\Debug\HostDesign.a(CyLib.o)
 .text.CySysTickStop
                0x00000000       0x10 .\CortexM3\ARM_GCC_541\Debug\HostDesign.a(CyLib.o)
 .text.CySysTickEnableInterrupt
                0x00000000       0x10 .\CortexM3\ARM_GCC_541\Debug\HostDesign.a(CyLib.o)
 .text.CySysTickDisableInterrupt
                0x00000000       0x10 .\CortexM3\ARM_GCC_541\Debug\HostDesign.a(CyLib.o)
 .text.CySysTickSetReload
                0x00000000       0x10 .\CortexM3\ARM_GCC_541\Debug\HostDesign.a(CyLib.o)
 .text.CySysTickGetReload
                0x00000000       0x10 .\CortexM3\ARM_GCC_541\Debug\HostDesign.a(CyLib.o)
 .text.CySysTickGetValue
                0x00000000       0x10 .\CortexM3\ARM_GCC_541\Debug\HostDesign.a(CyLib.o)
 .text.CySysTickSetClockSource
                0x00000000       0x18 .\CortexM3\ARM_GCC_541\Debug\HostDesign.a(CyLib.o)
 .text.CySysTickGetClockSource
                0x00000000       0x10 .\CortexM3\ARM_GCC_541\Debug\HostDesign.a(CyLib.o)
 .text.CySysTickGetCountFlag
                0x00000000       0x10 .\CortexM3\ARM_GCC_541\Debug\HostDesign.a(CyLib.o)
 .text.CySysTickClear
                0x00000000        0xc .\CortexM3\ARM_GCC_541\Debug\HostDesign.a(CyLib.o)
 .text.CySysTickSetCallback
                0x00000000       0x14 .\CortexM3\ARM_GCC_541\Debug\HostDesign.a(CyLib.o)
 .text.CySysTickGetCallback
                0x00000000        0xc .\CortexM3\ARM_GCC_541\Debug\HostDesign.a(CyLib.o)
 .text.CyGetUniqueId
                0x00000000       0x64 .\CortexM3\ARM_GCC_541\Debug\HostDesign.a(CyLib.o)
 .text          0x00000000        0x0 .\CortexM3\ARM_GCC_541\Debug\HostDesign.a(cyPm.o)
 .data          0x00000000        0x0 .\CortexM3\ARM_GCC_541\Debug\HostDesign.a(cyPm.o)
 .bss           0x00000000       0x43 .\CortexM3\ARM_GCC_541\Debug\HostDesign.a(cyPm.o)
 .text.CyPmHibSlpSaveSet
                0x00000000      0x1dc .\CortexM3\ARM_GCC_541\Debug\HostDesign.a(cyPm.o)
 .text.CyPmHibSlpRestore
                0x00000000       0xe0 .\CortexM3\ARM_GCC_541\Debug\HostDesign.a(cyPm.o)
 .text.CyPmSaveClocks
                0x00000000      0x1e4 .\CortexM3\ARM_GCC_541\Debug\HostDesign.a(cyPm.o)
 .text.CyPmRestoreClocks
                0x00000000      0x240 .\CortexM3\ARM_GCC_541\Debug\HostDesign.a(cyPm.o)
 .text.CyPmAltAct
                0x00000000       0x78 .\CortexM3\ARM_GCC_541\Debug\HostDesign.a(cyPm.o)
 .text.CyPmSleep
                0x00000000       0xf8 .\CortexM3\ARM_GCC_541\Debug\HostDesign.a(cyPm.o)
 .text.CyPmHibernateEx
                0x00000000      0x298 .\CortexM3\ARM_GCC_541\Debug\HostDesign.a(cyPm.o)
 .text.CyPmHibernate
                0x00000000        0x8 .\CortexM3\ARM_GCC_541\Debug\HostDesign.a(cyPm.o)
 .text.CyPmReadStatus
                0x00000000       0x30 .\CortexM3\ARM_GCC_541\Debug\HostDesign.a(cyPm.o)
 .text.CyPmCtwSetInterval
                0x00000000       0x54 .\CortexM3\ARM_GCC_541\Debug\HostDesign.a(cyPm.o)
 .text.CyPmOppsSet
                0x00000000       0x2c .\CortexM3\ARM_GCC_541\Debug\HostDesign.a(cyPm.o)
 .text.CyPmFtwSetInterval
                0x00000000       0x54 .\CortexM3\ARM_GCC_541\Debug\HostDesign.a(cyPm.o)
 .rodata        0x00000000        0xf .\CortexM3\ARM_GCC_541\Debug\HostDesign.a(cyPm.o)
 .text          0x00000000        0x0 .\CortexM3\ARM_GCC_541\Debug\HostDesign.a(LCD.o)
 .data          0x00000000        0x0 .\CortexM3\ARM_GCC_541\Debug\HostDesign.a(LCD.o)
 .text.LCD_WriteData
                0x00000000       0x84 .\CortexM3\ARM_GCC_541\Debug\HostDesign.a(LCD.o)
 .text.LCD_Enable
                0x00000000       0x64 .\CortexM3\ARM_GCC_541\Debug\HostDesign.a(LCD.o)
 .text.LCD_Stop
                0x00000000       0x64 .\CortexM3\ARM_GCC_541\Debug\HostDesign.a(LCD.o)
 .text.LCD_PrintString
                0x00000000       0x94 .\CortexM3\ARM_GCC_541\Debug\HostDesign.a(LCD.o)
 .text.LCD_PutChar
                0x00000000       0x84 .\CortexM3\ARM_GCC_541\Debug\HostDesign.a(LCD.o)
 .text.LCD_Position
                0x00000000       0xe4 .\CortexM3\ARM_GCC_541\Debug\HostDesign.a(LCD.o)
 .text.LCD_PrintInt8
                0x00000000      0x108 .\CortexM3\ARM_GCC_541\Debug\HostDesign.a(LCD.o)
 .text.LCD_PrintInt16
                0x00000000      0x20c .\CortexM3\ARM_GCC_541\Debug\HostDesign.a(LCD.o)
 .text.LCD_PrintInt32
                0x00000000      0x124 .\CortexM3\ARM_GCC_541\Debug\HostDesign.a(LCD.o)
 .text.LCD_PrintU32Number
                0x00000000       0xd8 .\CortexM3\ARM_GCC_541\Debug\HostDesign.a(LCD.o)
 .rodata        0x00000000       0x10 .\CortexM3\ARM_GCC_541\Debug\HostDesign.a(LCD.o)
 .text          0x00000000        0x0 .\CortexM3\ARM_GCC_541\Debug\HostDesign.a(SW2.o)
 .data          0x00000000        0x0 .\CortexM3\ARM_GCC_541\Debug\HostDesign.a(SW2.o)
 .bss           0x00000000        0x0 .\CortexM3\ARM_GCC_541\Debug\HostDesign.a(SW2.o)
 .text.SW2_Write
                0x00000000       0x18 .\CortexM3\ARM_GCC_541\Debug\HostDesign.a(SW2.o)
 .text.SW2_SetDriveMode
                0x00000000       0x18 .\CortexM3\ARM_GCC_541\Debug\HostDesign.a(SW2.o)
 .text.SW2_ReadDataReg
                0x00000000       0x10 .\CortexM3\ARM_GCC_541\Debug\HostDesign.a(SW2.o)
 .text          0x00000000        0x0 .\CortexM3\ARM_GCC_541\Debug\HostDesign.a(H2G_STRB_IN.o)
 .data          0x00000000        0x0 .\CortexM3\ARM_GCC_541\Debug\HostDesign.a(H2G_STRB_IN.o)
 .bss           0x00000000        0x0 .\CortexM3\ARM_GCC_541\Debug\HostDesign.a(H2G_STRB_IN.o)
 .text.H2G_STRB_IN_Write
                0x00000000       0x18 .\CortexM3\ARM_GCC_541\Debug\HostDesign.a(H2G_STRB_IN.o)
 .text.H2G_STRB_IN_SetDriveMode
                0x00000000       0x18 .\CortexM3\ARM_GCC_541\Debug\HostDesign.a(H2G_STRB_IN.o)
 .text.H2G_STRB_IN_ReadDataReg
                0x00000000       0x10 .\CortexM3\ARM_GCC_541\Debug\HostDesign.a(H2G_STRB_IN.o)
 .text          0x00000000        0x0 .\CortexM3\ARM_GCC_541\Debug\HostDesign.a(H2G_STRB_OUT.o)
 .data          0x00000000        0x0 .\CortexM3\ARM_GCC_541\Debug\HostDesign.a(H2G_STRB_OUT.o)
 .bss           0x00000000        0x0 .\CortexM3\ARM_GCC_541\Debug\HostDesign.a(H2G_STRB_OUT.o)
 .text.H2G_STRB_OUT_SetDriveMode
                0x00000000       0x18 .\CortexM3\ARM_GCC_541\Debug\HostDesign.a(H2G_STRB_OUT.o)
 .text.H2G_STRB_OUT_Read
                0x00000000       0x10 .\CortexM3\ARM_GCC_541\Debug\HostDesign.a(H2G_STRB_OUT.o)
 .text.H2G_STRB_OUT_ReadDataReg
                0x00000000       0x10 .\CortexM3\ARM_GCC_541\Debug\HostDesign.a(H2G_STRB_OUT.o)
 .text          0x00000000        0x0 .\CortexM3\ARM_GCC_541\Debug\HostDesign.a(OUT_BYTE.o)
 .data          0x00000000        0x0 .\CortexM3\ARM_GCC_541\Debug\HostDesign.a(OUT_BYTE.o)
 .bss           0x00000000        0x0 .\CortexM3\ARM_GCC_541\Debug\HostDesign.a(OUT_BYTE.o)
 .text.OUT_BYTE_Read
                0x00000000        0xc .\CortexM3\ARM_GCC_541\Debug\HostDesign.a(OUT_BYTE.o)
 .text          0x00000000        0x0 .\CortexM3\ARM_GCC_541\Debug\HostDesign.a(PSOC_RESET_RAW.o)
 .data          0x00000000        0x0 .\CortexM3\ARM_GCC_541\Debug\HostDesign.a(PSOC_RESET_RAW.o)
 .bss           0x00000000        0x0 .\CortexM3\ARM_GCC_541\Debug\HostDesign.a(PSOC_RESET_RAW.o)
 .text.PSOC_RESET_RAW_SetDriveMode
                0x00000000       0x18 .\CortexM3\ARM_GCC_541\Debug\HostDesign.a(PSOC_RESET_RAW.o)
 .text.PSOC_RESET_RAW_Read
                0x00000000       0x10 .\CortexM3\ARM_GCC_541\Debug\HostDesign.a(PSOC_RESET_RAW.o)
 .text.PSOC_RESET_RAW_ReadDataReg
                0x00000000       0x10 .\CortexM3\ARM_GCC_541\Debug\HostDesign.a(PSOC_RESET_RAW.o)
 .data          0x00000000        0x0 .\CortexM3\ARM_GCC_541\Debug\HostDesign.a(CyBootAsmGnu.o)
 .bss           0x00000000        0x0 .\CortexM3\ARM_GCC_541\Debug\HostDesign.a(CyBootAsmGnu.o)
 .text          0x00000000        0x0 .\CortexM3\ARM_GCC_541\Debug\HostDesign.a(CyFlash.o)
 .data          0x00000000        0x0 .\CortexM3\ARM_GCC_541\Debug\HostDesign.a(CyFlash.o)
 .bss           0x00000000        0x0 .\CortexM3\ARM_GCC_541\Debug\HostDesign.a(CyFlash.o)
 .text.CyFlash_Start
                0x00000000       0x50 .\CortexM3\ARM_GCC_541\Debug\HostDesign.a(CyFlash.o)
 .text.CyFlash_Stop
                0x00000000       0x2c .\CortexM3\ARM_GCC_541\Debug\HostDesign.a(CyFlash.o)
 .text.CyFlash_EraseRow
                0x00000000       0x78 .\CortexM3\ARM_GCC_541\Debug\HostDesign.a(CyFlash.o)
 .text.CyFlashGetSpcAlgorithm
                0x00000000       0x50 .\CortexM3\ARM_GCC_541\Debug\HostDesign.a(CyFlash.o)
 .text.CySetTemp
                0x00000000       0xa4 .\CortexM3\ARM_GCC_541\Debug\HostDesign.a(CyFlash.o)
 .text.CySetFlashEEBuffer
                0x00000000       0x2c .\CortexM3\ARM_GCC_541\Debug\HostDesign.a(CyFlash.o)
 .text.CyWriteRowData
                0x00000000       0xcc .\CortexM3\ARM_GCC_541\Debug\HostDesign.a(CyFlash.o)
 .text.CyWriteRowFull
                0x00000000       0xc4 .\CortexM3\ARM_GCC_541\Debug\HostDesign.a(CyFlash.o)
 .text.CyFlash_SetWaitCycles
                0x00000000       0x90 .\CortexM3\ARM_GCC_541\Debug\HostDesign.a(CyFlash.o)
 .text.CyEEPROM_Start
                0x00000000       0x50 .\CortexM3\ARM_GCC_541\Debug\HostDesign.a(CyFlash.o)
 .text.CyEEPROM_Stop
                0x00000000       0x2c .\CortexM3\ARM_GCC_541\Debug\HostDesign.a(CyFlash.o)
 .text.CyEEPROM_ReadReserve
                0x00000000       0x18 .\CortexM3\ARM_GCC_541\Debug\HostDesign.a(CyFlash.o)
 .text.CyEEPROM_ReadRelease
                0x00000000       0x10 .\CortexM3\ARM_GCC_541\Debug\HostDesign.a(CyFlash.o)
 COMMON         0x00000000        0x2 .\CortexM3\ARM_GCC_541\Debug\HostDesign.a(CyFlash.o)
 .text          0x00000000        0x0 .\CortexM3\ARM_GCC_541\Debug\HostDesign.a(CySpc.o)
 .data          0x00000000        0x0 .\CortexM3\ARM_GCC_541\Debug\HostDesign.a(CySpc.o)
 .bss           0x00000000        0x8 .\CortexM3\ARM_GCC_541\Debug\HostDesign.a(CySpc.o)
 .text.CySpcStart
                0x00000000       0x2c .\CortexM3\ARM_GCC_541\Debug\HostDesign.a(CySpc.o)
 .text.CySpcStop
                0x00000000       0x2c .\CortexM3\ARM_GCC_541\Debug\HostDesign.a(CySpc.o)
 .text.CySpcReadData
                0x00000000       0x40 .\CortexM3\ARM_GCC_541\Debug\HostDesign.a(CySpc.o)
 .text.CySpcLoadMultiByte
                0x00000000       0x70 .\CortexM3\ARM_GCC_541\Debug\HostDesign.a(CySpc.o)
 .text.CySpcLoadRow
                0x00000000       0x50 .\CortexM3\ARM_GCC_541\Debug\HostDesign.a(CySpc.o)
 .text.CySpcLoadRowFull
                0x00000000       0x78 .\CortexM3\ARM_GCC_541\Debug\HostDesign.a(CySpc.o)
 .text.CySpcWriteRow
                0x00000000       0x48 .\CortexM3\ARM_GCC_541\Debug\HostDesign.a(CySpc.o)
 .text.CySpcEraseSector
                0x00000000       0x3c .\CortexM3\ARM_GCC_541\Debug\HostDesign.a(CySpc.o)
 .text.CySpcEraseRow
                0x00000000       0x48 .\CortexM3\ARM_GCC_541\Debug\HostDesign.a(CySpc.o)
 .text.CySpcGetTemp
                0x00000000       0x38 .\CortexM3\ARM_GCC_541\Debug\HostDesign.a(CySpc.o)
 .text.CySpcLock
                0x00000000       0x44 .\CortexM3\ARM_GCC_541\Debug\HostDesign.a(CySpc.o)
 .text.CySpcUnlock
                0x00000000       0x34 .\CortexM3\ARM_GCC_541\Debug\HostDesign.a(CySpc.o)
 .text.CySpcGetAlgorithm
                0x00000000       0x28 .\CortexM3\ARM_GCC_541\Debug\HostDesign.a(CySpc.o)
 .text          0x00000000        0x0 c:/program files (x86)/cypress/psoc creator/4.4/psoc creator/import/gnu/arm/5.4.1/bin/../lib/gcc/arm-none-eabi/5.4.1/../../../../arm-none-eabi/lib/armv7-m\libg_nano.a(lib_a-errno.o)
 .data          0x00000000        0x0 c:/program files (x86)/cypress/psoc creator/4.4/psoc creator/import/gnu/arm/5.4.1/bin/../lib/gcc/arm-none-eabi/5.4.1/../../../../arm-none-eabi/lib/armv7-m\libg_nano.a(lib_a-errno.o)
 .bss           0x00000000        0x0 c:/program files (x86)/cypress/psoc creator/4.4/psoc creator/import/gnu/arm/5.4.1/bin/../lib/gcc/arm-none-eabi/5.4.1/../../../../arm-none-eabi/lib/armv7-m\libg_nano.a(lib_a-errno.o)
 .text          0x00000000        0x0 c:/program files (x86)/cypress/psoc creator/4.4/psoc creator/import/gnu/arm/5.4.1/bin/../lib/gcc/arm-none-eabi/5.4.1/../../../../arm-none-eabi/lib/armv7-m\libg_nano.a(lib_a-exit.o)
 .data          0x00000000        0x0 c:/program files (x86)/cypress/psoc creator/4.4/psoc creator/import/gnu/arm/5.4.1/bin/../lib/gcc/arm-none-eabi/5.4.1/../../../../arm-none-eabi/lib/armv7-m\libg_nano.a(lib_a-exit.o)
 .bss           0x00000000        0x0 c:/program files (x86)/cypress/psoc creator/4.4/psoc creator/import/gnu/arm/5.4.1/bin/../lib/gcc/arm-none-eabi/5.4.1/../../../../arm-none-eabi/lib/armv7-m\libg_nano.a(lib_a-exit.o)
 .text.exit     0x00000000       0x28 c:/program files (x86)/cypress/psoc creator/4.4/psoc creator/import/gnu/arm/5.4.1/bin/../lib/gcc/arm-none-eabi/5.4.1/../../../../arm-none-eabi/lib/armv7-m\libg_nano.a(lib_a-exit.o)
 .text          0x00000000        0x0 c:/program files (x86)/cypress/psoc creator/4.4/psoc creator/import/gnu/arm/5.4.1/bin/../lib/gcc/arm-none-eabi/5.4.1/../../../../arm-none-eabi/lib/armv7-m\libg_nano.a(lib_a-impure.o)
 .data          0x00000000        0x0 c:/program files (x86)/cypress/psoc creator/4.4/psoc creator/import/gnu/arm/5.4.1/bin/../lib/gcc/arm-none-eabi/5.4.1/../../../../arm-none-eabi/lib/armv7-m\libg_nano.a(lib_a-impure.o)
 .bss           0x00000000        0x0 c:/program files (x86)/cypress/psoc creator/4.4/psoc creator/import/gnu/arm/5.4.1/bin/../lib/gcc/arm-none-eabi/5.4.1/../../../../arm-none-eabi/lib/armv7-m\libg_nano.a(lib_a-impure.o)
 .rodata._global_impure_ptr
                0x00000000        0x4 c:/program files (x86)/cypress/psoc creator/4.4/psoc creator/import/gnu/arm/5.4.1/bin/../lib/gcc/arm-none-eabi/5.4.1/../../../../arm-none-eabi/lib/armv7-m\libg_nano.a(lib_a-impure.o)
 .text          0x00000000        0x0 c:/program files (x86)/cypress/psoc creator/4.4/psoc creator/import/gnu/arm/5.4.1/bin/../lib/gcc/arm-none-eabi/5.4.1/../../../../arm-none-eabi/lib/armv7-m\libg_nano.a(lib_a-init.o)
 .data          0x00000000        0x0 c:/program files (x86)/cypress/psoc creator/4.4/psoc creator/import/gnu/arm/5.4.1/bin/../lib/gcc/arm-none-eabi/5.4.1/../../../../arm-none-eabi/lib/armv7-m\libg_nano.a(lib_a-init.o)
 .bss           0x00000000        0x0 c:/program files (x86)/cypress/psoc creator/4.4/psoc creator/import/gnu/arm/5.4.1/bin/../lib/gcc/arm-none-eabi/5.4.1/../../../../arm-none-eabi/lib/armv7-m\libg_nano.a(lib_a-init.o)
 .text          0x00000000        0x0 c:/program files (x86)/cypress/psoc creator/4.4/psoc creator/import/gnu/arm/5.4.1/bin/../lib/gcc/arm-none-eabi/5.4.1/../../../../arm-none-eabi/lib/armv7-m\libg_nano.a(lib_a-memset.o)
 .data          0x00000000        0x0 c:/program files (x86)/cypress/psoc creator/4.4/psoc creator/import/gnu/arm/5.4.1/bin/../lib/gcc/arm-none-eabi/5.4.1/../../../../arm-none-eabi/lib/armv7-m\libg_nano.a(lib_a-memset.o)
 .bss           0x00000000        0x0 c:/program files (x86)/cypress/psoc creator/4.4/psoc creator/import/gnu/arm/5.4.1/bin/../lib/gcc/arm-none-eabi/5.4.1/../../../../arm-none-eabi/lib/armv7-m\libg_nano.a(lib_a-memset.o)
 .text          0x00000000        0x0 c:/program files (x86)/cypress/psoc creator/4.4/psoc creator/import/gnu/arm/5.4.1/bin/../lib/gcc/arm-none-eabi/5.4.1/armv7-m/crtend.o
 .data          0x00000000        0x0 c:/program files (x86)/cypress/psoc creator/4.4/psoc creator/import/gnu/arm/5.4.1/bin/../lib/gcc/arm-none-eabi/5.4.1/armv7-m/crtend.o
 .bss           0x00000000        0x0 c:/program files (x86)/cypress/psoc creator/4.4/psoc creator/import/gnu/arm/5.4.1/bin/../lib/gcc/arm-none-eabi/5.4.1/armv7-m/crtend.o
 .text          0x00000000        0x0 c:/program files (x86)/cypress/psoc creator/4.4/psoc creator/import/gnu/arm/5.4.1/bin/../lib/gcc/arm-none-eabi/5.4.1/armv7-m/crtn.o
 .data          0x00000000        0x0 c:/program files (x86)/cypress/psoc creator/4.4/psoc creator/import/gnu/arm/5.4.1/bin/../lib/gcc/arm-none-eabi/5.4.1/armv7-m/crtn.o
 .bss           0x00000000        0x0 c:/program files (x86)/cypress/psoc creator/4.4/psoc creator/import/gnu/arm/5.4.1/bin/../lib/gcc/arm-none-eabi/5.4.1/armv7-m/crtn.o

Memory Configuration

Name             Origin             Length             Attributes
rom              0x00000000         0x00040000         xr
ram              0x1fff8000         0x00010000         xrw
*default*        0x00000000         0xffffffff

Linker script and memory map

LOAD c:/program files (x86)/cypress/psoc creator/4.4/psoc creator/import/gnu/arm/5.4.1/bin/../lib/gcc/arm-none-eabi/5.4.1/armv7-m/crti.o
LOAD c:/program files (x86)/cypress/psoc creator/4.4/psoc creator/import/gnu/arm/5.4.1/bin/../lib/gcc/arm-none-eabi/5.4.1/armv7-m/crtbegin.o
LOAD c:/program files (x86)/cypress/psoc creator/4.4/psoc creator/import/gnu/arm/5.4.1/bin/../lib/gcc/arm-none-eabi/5.4.1/../../../../arm-none-eabi/lib/armv7-m/crt0.o
START GROUP
LOAD .\CortexM3\ARM_GCC_541\Debug\main.o
LOAD .\CortexM3\ARM_GCC_541\Debug\cyfitter_cfg.o
LOAD .\CortexM3\ARM_GCC_541\Debug\cymetadata.o
LOAD .\CortexM3\ARM_GCC_541\Debug\Cm3Start.o
LOAD .\CortexM3\ARM_GCC_541\Debug\HostDesign.a
LOAD C:\Program Files (x86)\Cypress\PSoC Creator\4.4\PSoC Creator\psoc\content\cycomponentlibrary\CyComponentLibrary.cylib\CortexM3\ARM_GCC_541\Debug\CyComponentLibrary.a
END GROUP
START GROUP
LOAD c:/program files (x86)/cypress/psoc creator/4.4/psoc creator/import/gnu/arm/5.4.1/bin/../lib/gcc/arm-none-eabi/5.4.1/armv7-m\libgcc.a
LOAD c:/program files (x86)/cypress/psoc creator/4.4/psoc creator/import/gnu/arm/5.4.1/bin/../lib/gcc/arm-none-eabi/5.4.1/../../../../arm-none-eabi/lib/armv7-m\libg_nano.a
LOAD c:/program files (x86)/cypress/psoc creator/4.4/psoc creator/import/gnu/arm/5.4.1/bin/../lib/gcc/arm-none-eabi/5.4.1/../../../../arm-none-eabi/lib/armv7-m\libc_nano.a
END GROUP
START GROUP
LOAD c:/program files (x86)/cypress/psoc creator/4.4/psoc creator/import/gnu/arm/5.4.1/bin/../lib/gcc/arm-none-eabi/5.4.1/armv7-m\libgcc.a
LOAD c:/program files (x86)/cypress/psoc creator/4.4/psoc creator/import/gnu/arm/5.4.1/bin/../lib/gcc/arm-none-eabi/5.4.1/../../../../arm-none-eabi/lib/armv7-m\libc_nano.a
END GROUP
LOAD c:/program files (x86)/cypress/psoc creator/4.4/psoc creator/import/gnu/arm/5.4.1/bin/../lib/gcc/arm-none-eabi/5.4.1/armv7-m/crtend.o
LOAD c:/program files (x86)/cypress/psoc creator/4.4/psoc creator/import/gnu/arm/5.4.1/bin/../lib/gcc/arm-none-eabi/5.4.1/armv7-m/crtn.o
START GROUP
LOAD c:/program files (x86)/cypress/psoc creator/4.4/psoc creator/import/gnu/arm/5.4.1/bin/../lib/gcc/arm-none-eabi/5.4.1/armv7-m\libgcc.a
LOAD c:/program files (x86)/cypress/psoc creator/4.4/psoc creator/import/gnu/arm/5.4.1/bin/../lib/gcc/arm-none-eabi/5.4.1/../../../../arm-none-eabi/lib/armv7-m\libc.a
LOAD c:/program files (x86)/cypress/psoc creator/4.4/psoc creator/import/gnu/arm/5.4.1/bin/../lib/gcc/arm-none-eabi/5.4.1/../../../../arm-none-eabi/lib/armv7-m\libnosys.a
END GROUP
                0x00000000                CY_APPL_ORIGIN = 0x0
                0x00000100                CY_FLASH_ROW_SIZE = 0x100
                0x00000020                CY_ECC_ROW_SIZE = 0x20
                0x00000000                CY_EE_IN_BTLDR = 0x0
                0x00000000                CY_APPL_LOADABLE = 0x0
                0x00000800                CY_EE_SIZE = 0x800
                0x00000001                CY_APPL_NUM = 0x1
                0x00000001                CY_APPL_MAX = 0x1
                0x00000040                CY_METADATA_SIZE = 0x40
                0x00000000                CY_APPL_LOADABLE = 0x0
                0x00000000                CY_CHECKSUM_EXCLUDE_SIZE = ALIGN (0x0, CY_FLASH_ROW_SIZE)
                [!provide]                PROVIDE (__cy_heap_start, _end)
                0x00000001                PROVIDE (__cy_region_num, ((__cy_regions_end - __cy_regions) / 0x10))
                0x20008000                PROVIDE (__cy_stack, (ORIGIN (ram) + LENGTH (ram)))
                [!provide]                PROVIDE (__cy_heap_end, (__cy_stack - 0x800))

.cybootloader   0x00000000        0x0
 *(.cybootloader)
                0x00000000                appl1_start = CY_APPL_ORIGIN?CY_APPL_ORIGIN:ALIGN (CY_FLASH_ROW_SIZE)
                0x0001ff00                appl2_start = (appl1_start + ALIGN ((((LENGTH (rom) - appl1_start) - (0x2 * CY_FLASH_ROW_SIZE)) / 0x2), CY_FLASH_ROW_SIZE))
                0x00000000                appl_start = (CY_APPL_NUM == 0x1)?appl1_start:appl2_start
                0x00000000                ecc_offset = ((appl_start / CY_FLASH_ROW_SIZE) * CY_ECC_ROW_SIZE)
                0x00000000                ee_offset = (CY_APPL_LOADABLE && ! (CY_EE_IN_BTLDR))?((CY_EE_SIZE / CY_APPL_MAX) * (CY_APPL_NUM - 0x1)):0x0
                0x00000800                ee_size = (CY_APPL_LOADABLE && ! (CY_EE_IN_BTLDR))?(CY_EE_SIZE / CY_APPL_MAX):CY_EE_SIZE
                [!provide]                PROVIDE (CY_ECC_OFFSET, ecc_offset)

.text           0x00000000      0xdf8
 CREATE_OBJECT_SYMBOLS
                0x00000000                PROVIDE (__cy_interrupt_vector, RomVectors)
 *(.romvectors)
 .romvectors    0x00000000       0x10 .\CortexM3\ARM_GCC_541\Debug\Cm3Start.o
                0x00000000                RomVectors
                0x00000001                ASSERT ((. != __cy_interrupt_vector), No interrupt vector)
                0x00000001                ASSERT (CY_APPL_ORIGIN?(SIZEOF (.cybootloader) <= CY_APPL_ORIGIN):0x1, Wrong image location)
                0x00000010                PROVIDE (__cy_reset, Reset)
 *(.text.Reset)
 .text.Reset    0x00000010       0x18 .\CortexM3\ARM_GCC_541\Debug\Cm3Start.o
                0x00000010                Reset
                0x00000001                ASSERT ((. != __cy_reset), No reset code)
 *(.dma_init)
                0x00000001                ASSERT ((((appl_start + .) <= 0x10000) || 0x1), DMA Init must be within the first 64k of flash)
 *(.text .text.* .gnu.linkonce.t.*)
 .text          0x00000028       0x5c c:/program files (x86)/cypress/psoc creator/4.4/psoc creator/import/gnu/arm/5.4.1/bin/../lib/gcc/arm-none-eabi/5.4.1/armv7-m/crtbegin.o
 .text.pack_values
                0x00000084       0xbc .\CortexM3\ARM_GCC_541\Debug\main.o
                0x00000084                pack_values
 .text.startup.main
                0x00000140      0x3dc .\CortexM3\ARM_GCC_541\Debug\main.o
                0x00000140                main
 .text.cyfitter_cfg
                0x0000051c      0x21c .\CortexM3\ARM_GCC_541\Debug\cyfitter_cfg.o
                0x0000051c                cyfitter_cfg
 .text.IntDefaultHandler
                0x00000738       0x10 .\CortexM3\ARM_GCC_541\Debug\Cm3Start.o
                0x00000738                IntDefaultHandler
 .text.Start_c  0x00000748       0x58 .\CortexM3\ARM_GCC_541\Debug\Cm3Start.o
                0x00000748                Start_c
 .text.startup.initialize_psoc
                0x000007a0       0x64 .\CortexM3\ARM_GCC_541\Debug\Cm3Start.o
                0x000007a0                initialize_psoc
 .text.CyDelay  0x00000804       0x48 .\CortexM3\ARM_GCC_541\Debug\HostDesign.a(CyLib.o)
                0x00000804                CyDelay
 .text.CyDelayUs
                0x0000084c       0x10 .\CortexM3\ARM_GCC_541\Debug\HostDesign.a(CyLib.o)
                0x0000084c                CyDelayUs
 .text.LCD_IsReady
                0x0000085c       0xe4 .\CortexM3\ARM_GCC_541\Debug\HostDesign.a(LCD.o)
                0x0000085c                LCD_IsReady
 .text.LCD_WriteControl
                0x00000940       0x68 .\CortexM3\ARM_GCC_541\Debug\HostDesign.a(LCD.o)
                0x00000940                LCD_WriteControl
 .text.LCD_Init
                0x000009a8      0x2f8 .\CortexM3\ARM_GCC_541\Debug\HostDesign.a(LCD.o)
                0x000009a8                LCD_Init
 .text.LCD_Start
                0x00000ca0       0x70 .\CortexM3\ARM_GCC_541\Debug\HostDesign.a(LCD.o)
                0x00000ca0                LCD_Start
 .text.SW2_Read
                0x00000d10       0x10 .\CortexM3\ARM_GCC_541\Debug\HostDesign.a(SW2.o)
                0x00000d10                SW2_Read
 .text.H2G_STRB_IN_Read
                0x00000d20       0x10 .\CortexM3\ARM_GCC_541\Debug\HostDesign.a(H2G_STRB_IN.o)
                0x00000d20                H2G_STRB_IN_Read
 .text.H2G_STRB_OUT_Write
                0x00000d30       0x18 .\CortexM3\ARM_GCC_541\Debug\HostDesign.a(H2G_STRB_OUT.o)
                0x00000d30                H2G_STRB_OUT_Write
 .text.OUT_BYTE_Write
                0x00000d48        0xc .\CortexM3\ARM_GCC_541\Debug\HostDesign.a(OUT_BYTE.o)
                0x00000d48                OUT_BYTE_Write
 .text.PSOC_RESET_RAW_Write
                0x00000d54       0x18 .\CortexM3\ARM_GCC_541\Debug\HostDesign.a(PSOC_RESET_RAW.o)
                0x00000d54                PSOC_RESET_RAW_Write
 *fill*         0x00000d6c        0x4 
 .text          0x00000d70       0x20 .\CortexM3\ARM_GCC_541\Debug\HostDesign.a(CyBootAsmGnu.o)
                0x00000d70                CyDelayCycles
                0x00000d80                CyEnterCriticalSection
                0x00000d88                CyExitCriticalSection
 .text.__errno  0x00000d90        0xc c:/program files (x86)/cypress/psoc creator/4.4/psoc creator/import/gnu/arm/5.4.1/bin/../lib/gcc/arm-none-eabi/5.4.1/../../../../arm-none-eabi/lib/armv7-m\libg_nano.a(lib_a-errno.o)
                0x00000d90                __errno
 .text.__libc_init_array
                0x00000d9c       0x4c c:/program files (x86)/cypress/psoc creator/4.4/psoc creator/import/gnu/arm/5.4.1/bin/../lib/gcc/arm-none-eabi/5.4.1/../../../../arm-none-eabi/lib/armv7-m\libg_nano.a(lib_a-init.o)
                0x00000d9c                __libc_init_array
 .text.memset   0x00000de8       0x10 c:/program files (x86)/cypress/psoc creator/4.4/psoc creator/import/gnu/arm/5.4.1/bin/../lib/gcc/arm-none-eabi/5.4.1/../../../../arm-none-eabi/lib/armv7-m\libg_nano.a(lib_a-memset.o)
                0x00000de8                memset
 *(.plt)
 *(.gnu.warning)
 *(.glue_7t)
 .glue_7t       0x00000df8        0x0 linker stubs
 *(.glue_7)
 .glue_7        0x00000df8        0x0 linker stubs
 *(.vfp11_veneer)
 .vfp11_veneer  0x00000df8        0x0 linker stubs
 *(.bootloader)
 *(.ARM.extab* .gnu.linkonce.armextab.*)
 *(.gcc_except_table)

.v4_bx          0x00000df8        0x0
 .v4_bx         0x00000df8        0x0 linker stubs

.iplt           0x00000df8        0x0
 .iplt          0x00000df8        0x0 c:/program files (x86)/cypress/psoc creator/4.4/psoc creator/import/gnu/arm/5.4.1/bin/../lib/gcc/arm-none-eabi/5.4.1/armv7-m/crtbegin.o

.eh_frame_hdr
 *(.eh_frame_hdr)

.eh_frame       0x00000df8        0x4
 *(.eh_frame)
 .eh_frame      0x00000df8        0x0 c:/program files (x86)/cypress/psoc creator/4.4/psoc creator/import/gnu/arm/5.4.1/bin/../lib/gcc/arm-none-eabi/5.4.1/armv7-m/crtbegin.o
 .eh_frame      0x00000df8        0x4 c:/program files (x86)/cypress/psoc creator/4.4/psoc creator/import/gnu/arm/5.4.1/bin/../lib/gcc/arm-none-eabi/5.4.1/armv7-m/crtend.o
                [!provide]                PROVIDE (__exidx_start, .)

.ARM.exidx
 *(.ARM.exidx* .gnu.linkonce.armexidx.*)
                0x00000dfc                __exidx_end = .

.rodata         0x00000dfc       0x5c
 *(.rodata .rodata.* .gnu.linkonce.r.*)
 .rodata        0x00000dfc       0x24 .\CortexM3\ARM_GCC_541\Debug\cyfitter_cfg.o
 .rodata.str1.1
                0x00000e20        0x2 c:/program files (x86)/cypress/psoc creator/4.4/psoc creator/import/gnu/arm/5.4.1/bin/../lib/gcc/arm-none-eabi/5.4.1/../../../../arm-none-eabi/lib/armv7-m\libg_nano.a(lib_a-impure.o)
                0x00000e24                . = ALIGN (0x4)
 *fill*         0x00000e22        0x2 
 *(.init)
 .init          0x00000e24        0x4 c:/program files (x86)/cypress/psoc creator/4.4/psoc creator/import/gnu/arm/5.4.1/bin/../lib/gcc/arm-none-eabi/5.4.1/armv7-m/crti.o
                0x00000e24                _init
 .init          0x00000e28        0x8 c:/program files (x86)/cypress/psoc creator/4.4/psoc creator/import/gnu/arm/5.4.1/bin/../lib/gcc/arm-none-eabi/5.4.1/armv7-m/crtn.o
                0x00000e30                . = ALIGN (0x4)
                0x00000e30                __preinit_array_start = .
 *(.preinit_array)
                0x00000e30                __preinit_array_end = .
                0x00000e30                . = ALIGN (0x4)
                0x00000e30                __init_array_start = .
 *(SORT(.init_array.*))
 *(.init_array)
 .init_array    0x00000e30        0x4 c:/program files (x86)/cypress/psoc creator/4.4/psoc creator/import/gnu/arm/5.4.1/bin/../lib/gcc/arm-none-eabi/5.4.1/armv7-m/crtbegin.o
 .init_array    0x00000e34        0x4 .\CortexM3\ARM_GCC_541\Debug\Cm3Start.o
                0x00000e38                __init_array_end = .
                0x00000e38                . = ALIGN (0x4)
 *(.fini)
 .fini          0x00000e38        0x4 c:/program files (x86)/cypress/psoc creator/4.4/psoc creator/import/gnu/arm/5.4.1/bin/../lib/gcc/arm-none-eabi/5.4.1/armv7-m/crti.o
                0x00000e38                _fini
 .fini          0x00000e3c        0x8 c:/program files (x86)/cypress/psoc creator/4.4/psoc creator/import/gnu/arm/5.4.1/bin/../lib/gcc/arm-none-eabi/5.4.1/armv7-m/crtn.o
                0x00000e44                . = ALIGN (0x4)
                0x00000e44                __fini_array_start = .
 *(.fini_array)
 .fini_array    0x00000e44        0x4 c:/program files (x86)/cypress/psoc creator/4.4/psoc creator/import/gnu/arm/5.4.1/bin/../lib/gcc/arm-none-eabi/5.4.1/armv7-m/crtbegin.o
 *(SORT(.fini_array.*))
                0x00000e48                __fini_array_end = .
                0x00000e48                . = ALIGN (0x4)
 *crtbegin.o(.ctors)
 *(EXCLUDE_FILE(*crtend.o) .ctors)
 *(SORT(.ctors.*))
 *crtend.o(.ctors)
                0x00000e48                . = ALIGN (0x4)
 *crtbegin.o(.dtors)
 *(EXCLUDE_FILE(*crtend.o) .dtors)
 *(SORT(.dtors.*))
 *crtend.o(.dtors)
                0x00000e48                . = ALIGN (0x4)
                0x00000e48                __cy_regions = .
                0x00000e48        0x4 LONG 0xe58 __cy_region_init_ram
                0x00000e4c        0x4 LONG 0x1fff80c8 __cy_region_start_data
                0x00000e50        0x4 LONG 0x28c0 __cy_region_init_size_ram
                0x00000e54        0x4 LONG 0x68 __cy_region_zero_size_ram
                0x00000e58                __cy_regions_end = .
                0x00000e58                . = ALIGN (0x8)
                0x00000e58                _etext = .

.cy_checksum_exclude
                0x00000e58        0x0
 *(.cy_checksum_exclude)

.ramvectors     0x1fff8000       0xc0
                0x1fff8000                __cy_region_start_ram = .
 *(.ramvectors)
 .ramvectors    0x1fff8000       0xc0 .\CortexM3\ARM_GCC_541\Debug\Cm3Start.o
                0x1fff8000                CyRamVectors

.noinit         0x1fff80c0        0x1
 *(.noinit)
 .noinit        0x1fff80c0        0x1 .\CortexM3\ARM_GCC_541\Debug\HostDesign.a(CyLib.o)
                0x1fff80c0                CyResetStatus

.data           0x1fff80c8     0x28c0 load address 0x00000e58
                0x1fff80c8                __cy_region_start_data = .
 *(.jcr)
 .jcr           0x1fff80c8        0x0 c:/program files (x86)/cypress/psoc creator/4.4/psoc creator/import/gnu/arm/5.4.1/bin/../lib/gcc/arm-none-eabi/5.4.1/armv7-m/crtbegin.o
 .jcr           0x1fff80c8        0x4 c:/program files (x86)/cypress/psoc creator/4.4/psoc creator/import/gnu/arm/5.4.1/bin/../lib/gcc/arm-none-eabi/5.4.1/armv7-m/crtend.o
 *(.got.plt)
 *(.got)
 *(.shdata)
 *(.data .data.* .gnu.linkonce.d.*)
 .data          0x1fff80cc     0x2844 .\CortexM3\ARM_GCC_541\Debug\main.o
                0x1fff80cc                demo_mode
                0x1fff80d0                squares_dat_linear_rect_demo
                0x1fff8108                squares_dat_linear_pixel_demo
                0x1fff8178                squares_dat_linear_circle_demo
                0x1fffa8d8                squares_dat_linear_line_demo
                0x1fffa8f4                clear_screen_dat
 .data          0x1fffa910       0x10 .\CortexM3\ARM_GCC_541\Debug\HostDesign.a(CyLib.o)
                0x1fffa910                cydelay_freq_mhz
                0x1fffa914                cydelay_32k_ms
                0x1fffa918                cydelay_freq_khz
                0x1fffa91c                cydelay_freq_hz
 .data.impure_data
                0x1fffa920       0x60 c:/program files (x86)/cypress/psoc creator/4.4/psoc creator/import/gnu/arm/5.4.1/bin/../lib/gcc/arm-none-eabi/5.4.1/../../../../arm-none-eabi/lib/armv7-m\libg_nano.a(lib_a-impure.o)
 .data._impure_ptr
                0x1fffa980        0x4 c:/program files (x86)/cypress/psoc creator/4.4/psoc creator/import/gnu/arm/5.4.1/bin/../lib/gcc/arm-none-eabi/5.4.1/../../../../arm-none-eabi/lib/armv7-m\libg_nano.a(lib_a-impure.o)
                0x1fffa980                _impure_ptr
                0x1fffa988                . = ALIGN (0x8)
 *fill*         0x1fffa984        0x4 
 *(.ram)
                0x1fffa988                _edata = .

.igot.plt       0x1fffa988        0x0 load address 0x00003718
 .igot.plt      0x1fffa988        0x0 c:/program files (x86)/cypress/psoc creator/4.4/psoc creator/import/gnu/arm/5.4.1/bin/../lib/gcc/arm-none-eabi/5.4.1/armv7-m/crtbegin.o

.bss            0x1fffa988       0x68 load address 0x00003718
                0x1fffa988                PROVIDE (__bss_start__, .)
 *(.shbss)
 *(.bss .bss.* .gnu.linkonce.b.*)
 .bss           0x1fffa988       0x1c c:/program files (x86)/cypress/psoc creator/4.4/psoc creator/import/gnu/arm/5.4.1/bin/../lib/gcc/arm-none-eabi/5.4.1/armv7-m/crtbegin.o
 .bss           0x1fffa9a4       0x24 .\CortexM3\ARM_GCC_541\Debug\main.o
                0x1fffa9a4                array
                0x1fffa9c0                color
                0x1fffa9c4                g
 .bss           0x1fffa9c8        0x2 .\CortexM3\ARM_GCC_541\Debug\HostDesign.a(LCD.o)
                0x1fffa9c8                LCD_enableState
                0x1fffa9c9                LCD_initVar
 *(COMMON)
 *fill*         0x1fffa9ca        0x2 
 COMMON         0x1fffa9cc       0x20 .\CortexM3\ARM_GCC_541\Debug\main.o
                0x1fffa9cc                psoc_fpga_xfc
                0x1fffa9d0                b
                0x1fffa9d4                y2
                0x1fffa9d8                x2
                0x1fffa9dc                r
                0x1fffa9e0                fpga_psoc_xfc
                0x1fffa9e4                x1
                0x1fffa9e8                y1
                0x1fffa9f0                . = ALIGN (0x8)
 *fill*         0x1fffa9ec        0x4 
 *(.ram.b)
                0x1fffa9f0                _end = .
                0x1fffa9f0                __end = .
                0x1fffa9f0                PROVIDE (end, .)
                0x1fffa9f0                PROVIDE (__bss_end__, .)
                0x00000e58                __cy_region_init_ram = LOADADDR (.data)
                0x000028c0                __cy_region_init_size_ram = (_edata - ADDR (.data))
                0x00000068                __cy_region_zero_size_ram = (_end - _edata)

.heap           0x1fffa9f0       0x80 load address 0x00003718
                0x1fffa9f0                . = _end
                0x1fffaa70                . = (. + 0x80)
 *fill*         0x1fffa9f0       0x80 
                0x1fffaa70                __cy_heap_limit = .

.stack          0x20007800      0x800
                0x20007800                __cy_stack_limit = .
                0x20008000                . = (. + 0x800)
 *fill*         0x20007800      0x800 
                0x00000001                ASSERT ((__cy_stack_limit >= __cy_heap_limit), region RAM overflowed with stack)
                0x00000000                cy_checksum_exclude_size = (CY_APPL_LOADABLE == 0x1)?SIZEOF (.cy_checksum_exclude):0x0
                0x00000001                ASSERT ((cy_checksum_exclude_size <= CY_CHECKSUM_EXCLUDE_SIZE), CY_BOOT: Section .cy_checksum_exclude size exceedes specified limit.)

.cyloadermeta
 *(.cyloadermeta)

.cyloadablemeta
 *(.cyloadablemeta)

.cyconfigecc    0x80000000       0xb0
 *(.cyconfigecc)
 .cyconfigecc   0x80000000       0xb0 .\CortexM3\ARM_GCC_541\Debug\cymetadata.o
                0x80000000                cy_meta_configecc

.cycustnvl      0x90000000        0x4
 *(.cycustnvl)
 .cycustnvl     0x90000000        0x4 .\CortexM3\ARM_GCC_541\Debug\cymetadata.o
                0x90000000                cy_meta_custnvl

.cywolatch      0x90100000        0x4
 *(.cywolatch)
 .cywolatch     0x90100000        0x4 .\CortexM3\ARM_GCC_541\Debug\cymetadata.o
                0x90100000                cy_meta_wonvl

.cyeeprom       0x90200000        0x0
 *(.cyeeprom)
                0x00000001                ASSERT ((. <= ((0x90200000 + ee_offset) + ee_size)), .cyeeprom data will not fit in EEPROM)

.cyflashprotect
                0x90400000      0x100
 *(.cyflashprotect)
 .cyflashprotect
                0x90400000      0x100 .\CortexM3\ARM_GCC_541\Debug\cymetadata.o
                0x90400000                cy_meta_flashprotect

.cymeta         0x90500000        0xc
 *(.cymeta)
 .cymeta        0x90500000        0xc .\CortexM3\ARM_GCC_541\Debug\cymetadata.o
                0x90500000                cy_metadata

.rel.dyn        0x00003718        0x0 load address 0x9050000c
 .rel.iplt      0x00003718        0x0 c:/program files (x86)/cypress/psoc creator/4.4/psoc creator/import/gnu/arm/5.4.1/bin/../lib/gcc/arm-none-eabi/5.4.1/armv7-m/crtbegin.o

.stab
 *(.stab)

.stabstr
 *(.stabstr)

.debug
 *(.debug)

.line
 *(.line)

.debug_srcinfo
 *(.debug_srcinfo)

.debug_sfnames
 *(.debug_sfnames)

.debug_aranges  0x00000000      0x670
 *(.debug_aranges)
 .debug_aranges
                0x00000000       0x38 .\CortexM3\ARM_GCC_541\Debug\main.o
 .debug_aranges
                0x00000038       0x28 .\CortexM3\ARM_GCC_541\Debug\cyfitter_cfg.o
 .debug_aranges
                0x00000060       0x18 .\CortexM3\ARM_GCC_541\Debug\cymetadata.o
 .debug_aranges
                0x00000078       0x48 .\CortexM3\ARM_GCC_541\Debug\Cm3Start.o
 .debug_aranges
                0x000000c0      0x288 .\CortexM3\ARM_GCC_541\Debug\HostDesign.a(CyLib.o)
 .debug_aranges
                0x00000348       0x78 .\CortexM3\ARM_GCC_541\Debug\HostDesign.a(cyPm.o)
 .debug_aranges
                0x000003c0       0x88 .\CortexM3\ARM_GCC_541\Debug\HostDesign.a(LCD.o)
 .debug_aranges
                0x00000448       0x38 .\CortexM3\ARM_GCC_541\Debug\HostDesign.a(SW2.o)
 .debug_aranges
                0x00000480       0x38 .\CortexM3\ARM_GCC_541\Debug\HostDesign.a(H2G_STRB_IN.o)
 .debug_aranges
                0x000004b8       0x38 .\CortexM3\ARM_GCC_541\Debug\HostDesign.a(H2G_STRB_OUT.o)
 .debug_aranges
                0x000004f0       0x28 .\CortexM3\ARM_GCC_541\Debug\HostDesign.a(OUT_BYTE.o)
 .debug_aranges
                0x00000518       0x38 .\CortexM3\ARM_GCC_541\Debug\HostDesign.a(PSOC_RESET_RAW.o)
 .debug_aranges
                0x00000550       0x20 .\CortexM3\ARM_GCC_541\Debug\HostDesign.a(CyBootAsmGnu.o)
 .debug_aranges
                0x00000570       0x80 .\CortexM3\ARM_GCC_541\Debug\HostDesign.a(CyFlash.o)
 .debug_aranges
                0x000005f0       0x80 .\CortexM3\ARM_GCC_541\Debug\HostDesign.a(CySpc.o)

.debug_pubnames
 *(.debug_pubnames)

.debug_info     0x00000000     0x5fc3
 *(.debug_info .gnu.linkonce.wi.*)
 .debug_info    0x00000000      0x703 .\CortexM3\ARM_GCC_541\Debug\main.o
 .debug_info    0x00000703      0x5ad .\CortexM3\ARM_GCC_541\Debug\cyfitter_cfg.o
 .debug_info    0x00000cb0      0x134 .\CortexM3\ARM_GCC_541\Debug\cymetadata.o
 .debug_info    0x00000de4      0x3bb .\CortexM3\ARM_GCC_541\Debug\Cm3Start.o
 .debug_info    0x0000119f     0x1964 .\CortexM3\ARM_GCC_541\Debug\HostDesign.a(CyLib.o)
 .debug_info    0x00002b03      0x9e2 .\CortexM3\ARM_GCC_541\Debug\HostDesign.a(cyPm.o)
 .debug_info    0x000034e5     0x1772 .\CortexM3\ARM_GCC_541\Debug\HostDesign.a(LCD.o)
 .debug_info    0x00004c57      0x121 .\CortexM3\ARM_GCC_541\Debug\HostDesign.a(SW2.o)
 .debug_info    0x00004d78      0x121 .\CortexM3\ARM_GCC_541\Debug\HostDesign.a(H2G_STRB_IN.o)
 .debug_info    0x00004e99      0x121 .\CortexM3\ARM_GCC_541\Debug\HostDesign.a(H2G_STRB_OUT.o)
 .debug_info    0x00004fba       0xd6 .\CortexM3\ARM_GCC_541\Debug\HostDesign.a(OUT_BYTE.o)
 .debug_info    0x00005090      0x121 .\CortexM3\ARM_GCC_541\Debug\HostDesign.a(PSOC_RESET_RAW.o)
 .debug_info    0x000051b1       0x7b .\CortexM3\ARM_GCC_541\Debug\HostDesign.a(CyBootAsmGnu.o)
 .debug_info    0x0000522c      0x836 .\CortexM3\ARM_GCC_541\Debug\HostDesign.a(CyFlash.o)
 .debug_info    0x00005a62      0x561 .\CortexM3\ARM_GCC_541\Debug\HostDesign.a(CySpc.o)

.debug_abbrev   0x00000000     0x152f
 *(.debug_abbrev)
 .debug_abbrev  0x00000000      0x224 .\CortexM3\ARM_GCC_541\Debug\main.o
 .debug_abbrev  0x00000224      0x215 .\CortexM3\ARM_GCC_541\Debug\cyfitter_cfg.o
 .debug_abbrev  0x00000439       0x5d .\CortexM3\ARM_GCC_541\Debug\cymetadata.o
 .debug_abbrev  0x00000496      0x1f6 .\CortexM3\ARM_GCC_541\Debug\Cm3Start.o
 .debug_abbrev  0x0000068c      0x3bb .\CortexM3\ARM_GCC_541\Debug\HostDesign.a(CyLib.o)
 .debug_abbrev  0x00000a47      0x1cf .\CortexM3\ARM_GCC_541\Debug\HostDesign.a(cyPm.o)
 .debug_abbrev  0x00000c16      0x274 .\CortexM3\ARM_GCC_541\Debug\HostDesign.a(LCD.o)
 .debug_abbrev  0x00000e8a       0x90 .\CortexM3\ARM_GCC_541\Debug\HostDesign.a(SW2.o)
 .debug_abbrev  0x00000f1a       0x90 .\CortexM3\ARM_GCC_541\Debug\HostDesign.a(H2G_STRB_IN.o)
 .debug_abbrev  0x00000faa       0x90 .\CortexM3\ARM_GCC_541\Debug\HostDesign.a(H2G_STRB_OUT.o)
 .debug_abbrev  0x0000103a       0x81 .\CortexM3\ARM_GCC_541\Debug\HostDesign.a(OUT_BYTE.o)
 .debug_abbrev  0x000010bb       0x90 .\CortexM3\ARM_GCC_541\Debug\HostDesign.a(PSOC_RESET_RAW.o)
 .debug_abbrev  0x0000114b       0x14 .\CortexM3\ARM_GCC_541\Debug\HostDesign.a(CyBootAsmGnu.o)
 .debug_abbrev  0x0000115f      0x23d .\CortexM3\ARM_GCC_541\Debug\HostDesign.a(CyFlash.o)
 .debug_abbrev  0x0000139c      0x193 .\CortexM3\ARM_GCC_541\Debug\HostDesign.a(CySpc.o)

.debug_line     0x00000000     0x294d
 *(.debug_line)
 .debug_line    0x00000000      0x405 .\CortexM3\ARM_GCC_541\Debug\main.o
 .debug_line    0x00000405      0x1e0 .\CortexM3\ARM_GCC_541\Debug\cyfitter_cfg.o
 .debug_line    0x000005e5      0x141 .\CortexM3\ARM_GCC_541\Debug\cymetadata.o
 .debug_line    0x00000726      0x219 .\CortexM3\ARM_GCC_541\Debug\Cm3Start.o
 .debug_line    0x0000093f      0xb0c .\CortexM3\ARM_GCC_541\Debug\HostDesign.a(CyLib.o)
 .debug_line    0x0000144b      0x52a .\CortexM3\ARM_GCC_541\Debug\HostDesign.a(cyPm.o)
 .debug_line    0x00001975      0x71e .\CortexM3\ARM_GCC_541\Debug\HostDesign.a(LCD.o)
 .debug_line    0x00002093       0x92 .\CortexM3\ARM_GCC_541\Debug\HostDesign.a(SW2.o)
 .debug_line    0x00002125       0x9a .\CortexM3\ARM_GCC_541\Debug\HostDesign.a(H2G_STRB_IN.o)
 .debug_line    0x000021bf       0x9b .\CortexM3\ARM_GCC_541\Debug\HostDesign.a(H2G_STRB_OUT.o)
 .debug_line    0x0000225a       0x70 .\CortexM3\ARM_GCC_541\Debug\HostDesign.a(OUT_BYTE.o)
 .debug_line    0x000022ca       0x9d .\CortexM3\ARM_GCC_541\Debug\HostDesign.a(PSOC_RESET_RAW.o)
 .debug_line    0x00002367       0x66 .\CortexM3\ARM_GCC_541\Debug\HostDesign.a(CyBootAsmGnu.o)
 .debug_line    0x000023cd      0x2c7 .\CortexM3\ARM_GCC_541\Debug\HostDesign.a(CyFlash.o)
 .debug_line    0x00002694      0x2b9 .\CortexM3\ARM_GCC_541\Debug\HostDesign.a(CySpc.o)

.debug_frame    0x00000000     0x1384
 *(.debug_frame)
 .debug_frame   0x00000000       0xa4 .\CortexM3\ARM_GCC_541\Debug\main.o
 .debug_frame   0x000000a4       0x48 .\CortexM3\ARM_GCC_541\Debug\cyfitter_cfg.o
 .debug_frame   0x000000ec       0xac .\CortexM3\ARM_GCC_541\Debug\Cm3Start.o
 .debug_frame   0x00000198      0x740 .\CortexM3\ARM_GCC_541\Debug\HostDesign.a(CyLib.o)
 .debug_frame   0x000008d8      0x1f4 .\CortexM3\ARM_GCC_541\Debug\HostDesign.a(cyPm.o)
 .debug_frame   0x00000acc      0x208 .\CortexM3\ARM_GCC_541\Debug\HostDesign.a(LCD.o)
 .debug_frame   0x00000cd4       0x50 .\CortexM3\ARM_GCC_541\Debug\HostDesign.a(SW2.o)
 .debug_frame   0x00000d24       0x50 .\CortexM3\ARM_GCC_541\Debug\HostDesign.a(H2G_STRB_IN.o)
 .debug_frame   0x00000d74       0x50 .\CortexM3\ARM_GCC_541\Debug\HostDesign.a(H2G_STRB_OUT.o)
 .debug_frame   0x00000dc4       0x30 .\CortexM3\ARM_GCC_541\Debug\HostDesign.a(OUT_BYTE.o)
 .debug_frame   0x00000df4       0x50 .\CortexM3\ARM_GCC_541\Debug\HostDesign.a(PSOC_RESET_RAW.o)
 .debug_frame   0x00000e44      0x214 .\CortexM3\ARM_GCC_541\Debug\HostDesign.a(CyFlash.o)
 .debug_frame   0x00001058      0x298 .\CortexM3\ARM_GCC_541\Debug\HostDesign.a(CySpc.o)
 .debug_frame   0x000012f0       0x20 c:/program files (x86)/cypress/psoc creator/4.4/psoc creator/import/gnu/arm/5.4.1/bin/../lib/gcc/arm-none-eabi/5.4.1/../../../../arm-none-eabi/lib/armv7-m\libg_nano.a(lib_a-errno.o)
 .debug_frame   0x00001310       0x28 c:/program files (x86)/cypress/psoc creator/4.4/psoc creator/import/gnu/arm/5.4.1/bin/../lib/gcc/arm-none-eabi/5.4.1/../../../../arm-none-eabi/lib/armv7-m\libg_nano.a(lib_a-exit.o)
 .debug_frame   0x00001338       0x2c c:/program files (x86)/cypress/psoc creator/4.4/psoc creator/import/gnu/arm/5.4.1/bin/../lib/gcc/arm-none-eabi/5.4.1/../../../../arm-none-eabi/lib/armv7-m\libg_nano.a(lib_a-init.o)
 .debug_frame   0x00001364       0x20 c:/program files (x86)/cypress/psoc creator/4.4/psoc creator/import/gnu/arm/5.4.1/bin/../lib/gcc/arm-none-eabi/5.4.1/../../../../arm-none-eabi/lib/armv7-m\libg_nano.a(lib_a-memset.o)

.debug_str      0x00000000     0x1758
 *(.debug_str)
 .debug_str     0x00000000      0x2fe .\CortexM3\ARM_GCC_541\Debug\main.o
                                0x361 (size before relaxing)
 .debug_str     0x000002fe      0x180 .\CortexM3\ARM_GCC_541\Debug\cyfitter_cfg.o
                                0x2f3 (size before relaxing)
 .debug_str     0x0000047e       0x75 .\CortexM3\ARM_GCC_541\Debug\cymetadata.o
                                0x1cf (size before relaxing)
 .debug_str     0x000004f3      0x144 .\CortexM3\ARM_GCC_541\Debug\Cm3Start.o
                                0x2f5 (size before relaxing)
 .debug_str     0x00000637      0x83d .\CortexM3\ARM_GCC_541\Debug\HostDesign.a(CyLib.o)
                                0xa32 (size before relaxing)
 .debug_str     0x00000e74      0x365 .\CortexM3\ARM_GCC_541\Debug\HostDesign.a(cyPm.o)
                                0x71e (size before relaxing)
 .debug_str     0x000011d9      0x147 .\CortexM3\ARM_GCC_541\Debug\HostDesign.a(LCD.o)
                                0x316 (size before relaxing)
 .debug_str     0x00001320       0x53 .\CortexM3\ARM_GCC_541\Debug\HostDesign.a(SW2.o)
                                0x1c3 (size before relaxing)
 .debug_str     0x00001373       0x68 .\CortexM3\ARM_GCC_541\Debug\HostDesign.a(H2G_STRB_IN.o)
                                0x1eb (size before relaxing)
 .debug_str     0x000013db       0x6b .\CortexM3\ARM_GCC_541\Debug\HostDesign.a(H2G_STRB_OUT.o)
                                0x1f0 (size before relaxing)
 .debug_str     0x00001446       0x38 .\CortexM3\ARM_GCC_541\Debug\HostDesign.a(OUT_BYTE.o)
                                0x1a3 (size before relaxing)
 .debug_str     0x0000147e       0x73 .\CortexM3\ARM_GCC_541\Debug\HostDesign.a(PSOC_RESET_RAW.o)
                                0x1fa (size before relaxing)
 .debug_str     0x000014f1      0x1bb .\CortexM3\ARM_GCC_541\Debug\HostDesign.a(CyFlash.o)
                                0x3ab (size before relaxing)
 .debug_str     0x000016ac       0xac .\CortexM3\ARM_GCC_541\Debug\HostDesign.a(CySpc.o)
                                0x323 (size before relaxing)

.debug_loc      0x00000000     0x3b50
 *(.debug_loc)
 .debug_loc     0x00000000      0x4c3 .\CortexM3\ARM_GCC_541\Debug\main.o
 .debug_loc     0x000004c3      0x3ab .\CortexM3\ARM_GCC_541\Debug\cyfitter_cfg.o
 .debug_loc     0x0000086e      0x19b .\CortexM3\ARM_GCC_541\Debug\Cm3Start.o
 .debug_loc     0x00000a09      0xf17 .\CortexM3\ARM_GCC_541\Debug\HostDesign.a(CyLib.o)
 .debug_loc     0x00001920      0x1a3 .\CortexM3\ARM_GCC_541\Debug\HostDesign.a(cyPm.o)
 .debug_loc     0x00001ac3      0xdd9 .\CortexM3\ARM_GCC_541\Debug\HostDesign.a(LCD.o)
 .debug_loc     0x0000289c       0x5a .\CortexM3\ARM_GCC_541\Debug\HostDesign.a(SW2.o)
 .debug_loc     0x000028f6       0x5a .\CortexM3\ARM_GCC_541\Debug\HostDesign.a(H2G_STRB_IN.o)
 .debug_loc     0x00002950       0x5a .\CortexM3\ARM_GCC_541\Debug\HostDesign.a(H2G_STRB_OUT.o)
 .debug_loc     0x000029aa       0x5a .\CortexM3\ARM_GCC_541\Debug\HostDesign.a(PSOC_RESET_RAW.o)
 .debug_loc     0x00002a04      0x851 .\CortexM3\ARM_GCC_541\Debug\HostDesign.a(CyFlash.o)
 .debug_loc     0x00003255      0x8fb .\CortexM3\ARM_GCC_541\Debug\HostDesign.a(CySpc.o)

.debug_macinfo
 *(.debug_macinfo)

.debug_ranges   0x00000000     0x1510
 *(.debug_ranges)
 .debug_ranges  0x00000000       0xf0 .\CortexM3\ARM_GCC_541\Debug\main.o
 .debug_ranges  0x000000f0      0x1d0 .\CortexM3\ARM_GCC_541\Debug\cyfitter_cfg.o
 .debug_ranges  0x000002c0       0x38 .\CortexM3\ARM_GCC_541\Debug\Cm3Start.o
 .debug_ranges  0x000002f8      0x620 .\CortexM3\ARM_GCC_541\Debug\HostDesign.a(CyLib.o)
 .debug_ranges  0x00000918      0x130 .\CortexM3\ARM_GCC_541\Debug\HostDesign.a(cyPm.o)
 .debug_ranges  0x00000a48      0x898 .\CortexM3\ARM_GCC_541\Debug\HostDesign.a(LCD.o)
 .debug_ranges  0x000012e0       0x28 .\CortexM3\ARM_GCC_541\Debug\HostDesign.a(SW2.o)
 .debug_ranges  0x00001308       0x28 .\CortexM3\ARM_GCC_541\Debug\HostDesign.a(H2G_STRB_IN.o)
 .debug_ranges  0x00001330       0x28 .\CortexM3\ARM_GCC_541\Debug\HostDesign.a(H2G_STRB_OUT.o)
 .debug_ranges  0x00001358       0x18 .\CortexM3\ARM_GCC_541\Debug\HostDesign.a(OUT_BYTE.o)
 .debug_ranges  0x00001370       0x28 .\CortexM3\ARM_GCC_541\Debug\HostDesign.a(PSOC_RESET_RAW.o)
 .debug_ranges  0x00001398      0x108 .\CortexM3\ARM_GCC_541\Debug\HostDesign.a(CyFlash.o)
 .debug_ranges  0x000014a0       0x70 .\CortexM3\ARM_GCC_541\Debug\HostDesign.a(CySpc.o)

.comment        0x00000000       0x6e
 .comment       0x00000000       0x6e .\CortexM3\ARM_GCC_541\Debug\main.o
                                 0x6f (size before relaxing)
 .comment       0x0000006e       0x6f .\CortexM3\ARM_GCC_541\Debug\cyfitter_cfg.o
 .comment       0x0000006e       0x6f .\CortexM3\ARM_GCC_541\Debug\cymetadata.o
 .comment       0x0000006e       0x6f .\CortexM3\ARM_GCC_541\Debug\Cm3Start.o
 .comment       0x0000006e       0x6f .\CortexM3\ARM_GCC_541\Debug\HostDesign.a(CyLib.o)
 .comment       0x0000006e       0x6f .\CortexM3\ARM_GCC_541\Debug\HostDesign.a(cyPm.o)
 .comment       0x0000006e       0x6f .\CortexM3\ARM_GCC_541\Debug\HostDesign.a(LCD.o)
 .comment       0x0000006e       0x6f .\CortexM3\ARM_GCC_541\Debug\HostDesign.a(SW2.o)
 .comment       0x0000006e       0x6f .\CortexM3\ARM_GCC_541\Debug\HostDesign.a(H2G_STRB_IN.o)
 .comment       0x0000006e       0x6f .\CortexM3\ARM_GCC_541\Debug\HostDesign.a(H2G_STRB_OUT.o)
 .comment       0x0000006e       0x6f .\CortexM3\ARM_GCC_541\Debug\HostDesign.a(OUT_BYTE.o)
 .comment       0x0000006e       0x6f .\CortexM3\ARM_GCC_541\Debug\HostDesign.a(PSOC_RESET_RAW.o)
 .comment       0x0000006e       0x6f .\CortexM3\ARM_GCC_541\Debug\HostDesign.a(CyFlash.o)
 .comment       0x0000006e       0x6f .\CortexM3\ARM_GCC_541\Debug\HostDesign.a(CySpc.o)

.debug_weaknames
 *(.debug_weaknames)

.debug_funcnames
 *(.debug_funcnames)

.debug_typenames
 *(.debug_typenames)

.debug_varnames
 *(.debug_varnames)

.note.gnu.arm.ident
 *(.note.gnu.arm.ident)

.ARM.attributes
                0x00000000       0x29
 *(.ARM.attributes)
 .ARM.attributes
                0x00000000       0x1d c:/program files (x86)/cypress/psoc creator/4.4/psoc creator/import/gnu/arm/5.4.1/bin/../lib/gcc/arm-none-eabi/5.4.1/armv7-m/crti.o
 .ARM.attributes
                0x0000001d       0x2d c:/program files (x86)/cypress/psoc creator/4.4/psoc creator/import/gnu/arm/5.4.1/bin/../lib/gcc/arm-none-eabi/5.4.1/armv7-m/crtbegin.o
 .ARM.attributes
                0x0000004a       0x1b c:/program files (x86)/cypress/psoc creator/4.4/psoc creator/import/gnu/arm/5.4.1/bin/../lib/gcc/arm-none-eabi/5.4.1/../../../../arm-none-eabi/lib/armv7-m/crt0.o
 .ARM.attributes
                0x00000065       0x33 .\CortexM3\ARM_GCC_541\Debug\main.o
 .ARM.attributes
                0x00000098       0x33 .\CortexM3\ARM_GCC_541\Debug\cyfitter_cfg.o
 .ARM.attributes
                0x000000cb       0x33 .\CortexM3\ARM_GCC_541\Debug\cymetadata.o
 .ARM.attributes
                0x000000fe       0x33 .\CortexM3\ARM_GCC_541\Debug\Cm3Start.o
 .ARM.attributes
                0x00000131       0x33 .\CortexM3\ARM_GCC_541\Debug\HostDesign.a(CyLib.o)
 .ARM.attributes
                0x00000164       0x33 .\CortexM3\ARM_GCC_541\Debug\HostDesign.a(cyPm.o)
 .ARM.attributes
                0x00000197       0x33 .\CortexM3\ARM_GCC_541\Debug\HostDesign.a(LCD.o)
 .ARM.attributes
                0x000001ca       0x33 .\CortexM3\ARM_GCC_541\Debug\HostDesign.a(SW2.o)
 .ARM.attributes
                0x000001fd       0x33 .\CortexM3\ARM_GCC_541\Debug\HostDesign.a(H2G_STRB_IN.o)
 .ARM.attributes
                0x00000230       0x33 .\CortexM3\ARM_GCC_541\Debug\HostDesign.a(H2G_STRB_OUT.o)
 .ARM.attributes
                0x00000263       0x33 .\CortexM3\ARM_GCC_541\Debug\HostDesign.a(OUT_BYTE.o)
 .ARM.attributes
                0x00000296       0x33 .\CortexM3\ARM_GCC_541\Debug\HostDesign.a(PSOC_RESET_RAW.o)
 .ARM.attributes
                0x000002c9       0x21 .\CortexM3\ARM_GCC_541\Debug\HostDesign.a(CyBootAsmGnu.o)
 .ARM.attributes
                0x000002ea       0x33 .\CortexM3\ARM_GCC_541\Debug\HostDesign.a(CyFlash.o)
 .ARM.attributes
                0x0000031d       0x33 .\CortexM3\ARM_GCC_541\Debug\HostDesign.a(CySpc.o)
 .ARM.attributes
                0x00000350       0x2d c:/program files (x86)/cypress/psoc creator/4.4/psoc creator/import/gnu/arm/5.4.1/bin/../lib/gcc/arm-none-eabi/5.4.1/../../../../arm-none-eabi/lib/armv7-m\libg_nano.a(lib_a-errno.o)
 .ARM.attributes
                0x0000037d       0x2d c:/program files (x86)/cypress/psoc creator/4.4/psoc creator/import/gnu/arm/5.4.1/bin/../lib/gcc/arm-none-eabi/5.4.1/../../../../arm-none-eabi/lib/armv7-m\libg_nano.a(lib_a-exit.o)
 .ARM.attributes
                0x000003aa       0x2d c:/program files (x86)/cypress/psoc creator/4.4/psoc creator/import/gnu/arm/5.4.1/bin/../lib/gcc/arm-none-eabi/5.4.1/../../../../arm-none-eabi/lib/armv7-m\libg_nano.a(lib_a-impure.o)
 .ARM.attributes
                0x000003d7       0x2d c:/program files (x86)/cypress/psoc creator/4.4/psoc creator/import/gnu/arm/5.4.1/bin/../lib/gcc/arm-none-eabi/5.4.1/../../../../arm-none-eabi/lib/armv7-m\libg_nano.a(lib_a-init.o)
 .ARM.attributes
                0x00000404       0x2d c:/program files (x86)/cypress/psoc creator/4.4/psoc creator/import/gnu/arm/5.4.1/bin/../lib/gcc/arm-none-eabi/5.4.1/../../../../arm-none-eabi/lib/armv7-m\libg_nano.a(lib_a-memset.o)
 .ARM.attributes
                0x00000431       0x2d c:/program files (x86)/cypress/psoc creator/4.4/psoc creator/import/gnu/arm/5.4.1/bin/../lib/gcc/arm-none-eabi/5.4.1/armv7-m/crtend.o
 .ARM.attributes
                0x0000045e       0x1d c:/program files (x86)/cypress/psoc creator/4.4/psoc creator/import/gnu/arm/5.4.1/bin/../lib/gcc/arm-none-eabi/5.4.1/armv7-m/crtn.o

/DISCARD/
 *(.note.GNU-stack)
OUTPUT(H:\Senior-Project-2023\PSoC\HostDesign.cydsn\CortexM3\ARM_GCC_541\Debug\HostDesign.elf elf32-littlearm)
